Given the task of determining the subject's genomic ancestry (European, South Asian, East Asian, African, or American), we can derive novel features from the provided SNPs (Single Nucleotide Polymorphisms) to improve our predictive power. The SNPs often have alleles that are associated with specific traits and are more prevalent in certain populations. Here, the goal is to use feature engineering to better express the genetic data in relation to ancestry.

### Step-by-Step Feature Engineering Process:

#### 1. Direct Use of SNPs
First, let's understand the direct usage of individual SNPs and identify any strong indicators of ancestry:
- **rs1426654 (SLC24A5)**: Known for its role in skin pigmentation. The rs1426654*A allele is associated with lighter skin found in Europeans.
- **rs12913832 (HERC2)**: Linked to eye color, specifically blue eyes, a trait common in European populations.
- **rs16891982 (SLC45A2)**: The rs16891982*G allele is associated with lighter skin, common in Europeans.

#### 2. Threshold-Based Features
- **rs1426654** in [2]: Indicates the presence of the derived allele associated with lighter skin, suggestive of European or South Asian ancestry.
- **rs2814778** in [2]: The derived allele (Duffy null allele) is strongly associated with African ancestry.
- **rs4988235** in [1, 2]: Associated with lactase persistence, more common in European populations.

#### 3. Synergistic Effects
Next, we can create features that capture the interaction or multiplicative effects of pairs of SNPs:
- **interaction_rs1426654_rs12913832**: This captures the joint presence of alleles associated with light skin and blue eyes.
- **interaction_rs16891982_rs12913832**: Combines alleles associated with lighter skin and blue eyes.

#### 4. Additive Effects
We can also explore the combined effect of multiple SNPs by summing their values if we believe they contribute linearly towards a trait:
- **sum_rs1426654_rs12913832_rs16891982**: Aggregates the impact of multiple SNPs associated with European traits.

#### 5. Conditional Features
Using logical AND to capture combinations that might be indicative of specific ancestries:
- **rs1426654 (2) AND rs16891982 (2)**: Strongly indicative of European ancestry.
- **rs3077 (2) AND rs3811040 (2)**: SNPs linked to East Asian populations, capturing their joint occurrence.

#### Engineered Features:
1. **interaction_rs1426654_rs12913832** = rs1426654 * rs12913832
2. **interaction_rs16891982_rs12913832** = rs16891982 * rs12913832
3. **sum_rs1426654_rs12913832_rs16891982** = rs1426654 + rs12913832 + rs16891982
4. **rs1426654_2_rs16891982_2** = (rs1426654 == 2) & (rs16891982 == 2)
5. **rs3077_2_rs3811040_2** = (rs3077 == 2) & (rs3811040 == 2)

### Implementation of Features:
Let's evaluate how each feature may indicate specific ancestries:

- **interaction_rs1426654_rs12913832**
  - High values suggest a combination of alleles associated with European traits like light skin and blue eyes.
- **interaction_rs16891982_rs12913832**
  - High values indicate the presence of multiple European-influenced traits.
- **sum_rs1426654_rs12913832_rs16891982**
  - High sum values reinforce the likelihood of European ancestry due to the accumulation of European-linked alleles.
- **rs1426654_2_rs16891982_2**
  - Specifically indicates the simultaneous presence of alleles highly prevalent in Europeans.
- **rs3077_2_rs3811040_2**
  - Indicates alleles common in East Asian populations when both SNPs are in the derived state.

By using these new features, we can enrich the data representation to better capture and predict the subject's genomic ancestry. These engineered features encapsulate the complex relationships and synergies between different genetic markers, enhancing our ability to distinguish between diverse ancestries more accurately.

---DIVIDER---

Certainly! Let's break down the task and then elaborate on potential features that could be engineered to provide a better signal for the subject's genomic ancestry. Here's the step-by-step approach:

### Step-by-Step Approach

1. **Understanding the Objective**:
   The goal is to determine the genomic ancestry of individuals based on their genetic markers, specifically using Single Nucleotide Polymorphisms (SNPs).

2. **Given Features**:
   - Unnamed: 0
   - rs671
   - rs3827760
   - rs1426654
   - rs2814778
   - rs4988235
   - rs12913832
   - rs16891982
   - rs4420638
   - rs3077
   - rs2476746
   - rs7543435
   - rs3811040
   - rs1540181
   - rs3811445
   - rs10493096
   
   Each of these features is a numerical variable that can take values [0,1,2], representing homozygous major, heterozygous, and homozygous minor genotypes, respectively.

3. **Observation from Examples**:
   - **African Ancestry**: Significant values in rs2814778 often have values 2 which indicates a strong genetic marker related to African roots. 
   - **American Ancestry**: A diverse mix, not showing clear singular indicator SNPs but combinations like rs3827760=2 and rs16891982=2.
   - **East Asian Ancestry**: SNPs like rs3827760 and rs1426654 with values 2 common.
   - **European Ancestry**: SNPs like rs1426654=0, rs12913832=1 or 2, and rs16891982=2 are frequent.
   - **South Asian Ancestry**: Diverse, but shows combinations like rs3077=2 and rs3811040=2.

4. **Feature Engineering**:
   Utilizing inherent SNP knowledge, observed patterns, and combinations

### Feature Engineering Suggestions

1. **Single Genetic Markers**:
   - **rs2814778**: High values (2) could be a distinct marker for African ancestry.
   - **rs1426654**: Associated with skin pigmentation; value 2 is more common in non-African ancestries.
   - **rs4988235**: Lactase persistence, value 1 or 2 more common in European ancestry.
   - **rs12913832**: Associated with eye color; value 2 often European.
   - **rs16891982**: Associated with lighter skin pigmentation, significant in European ancestry.

2. **Interactions and Combinations**:
   - **rs12913832 * rs16891982**: This interaction can suggest European ancestry, especially Northern Europe.
   - **rs671 + rs3827760**: Potential interaction indicative of East Asian ancestry.
   - **rs2476746 * rs7543435**: Interaction seen from American examples, e.g., values 1, suggesting American specificity.
   - **rs1426654 * rs1540181**: Interaction for South Asian ancestry detection, as seen values range.

3. **Conditions and Tree-Like Interaction**:
   - **(rs1426654 == 0) AND (rs4988235 == 1)**: Indicative of European ancestry.
   - **(rs2814778 == 2) AND (rs4420638 == 1)**: Highly indicative of African ancestry.
   - **(rs3827760 == 2) AND (rs1426654 == 2)**: Indicative for East Asian ancestry.
   - **(rs7543435 == 1) AND (rs16891982 == 2)**: Higher likelihood of American ancestry.
   - **(rs3077>1) AND (rs3811040 > 1)**: Likely South Asian ancestry.

### Example Feature Engineering Outputs:

Here's a more elaborative list:

1. `interaction_rs12913832_rs16891982 = rs12913832 * rs16891982`
2. `interaction_rs671_rs3827760 = rs671 * rs3827760`
3. `African_marker = (rs2814778 == 2)`
4. `European_marker = (rs1426654 == 2) AND (rs4988235 > 0)`
5. `EastAsian_marker = (rs1426654 == 2) AND (rs3827760 == 2)`
6. `American_marker = (rs16891982 == 2) AND (rs7543435 == 1)`
7. `SouthAsian_marker = (rs3077 > 1) AND (rs3811040 > 1)`
8. `combination_feature_1 = rs2476746 + rs7543435`
9. `combination_feature_2 = (rs10493096 > 0) AND (rs671 > 0)`

Summary, these features would help build a predictive model that more robustly categorizes individuals based on genomic ancestry.

---DIVIDER---

To tackle the problem of predicting a subject's genomic ancestry based on the given genetic markers, we need to approach the feature engineering process in a structured manner. Here's a step-by-step guide to engineering features based on the provided data and task objective:

### Step 1: Understand Genetic Markers
First, let's briefly review the provided Single Nucleotide Polymorphisms (SNPs) and their known associations:

- **rs671 (ALDH2)**: Common in East Asian populations and is associated with alcohol metabolism.
- **rs3827760 (EDAR)**: Linked with East Asian populations, associated with hair and tooth morphology.
- **rs1426654 (SLC24A5)**: Important for skin pigmentation, strongly associated with lighter skin in Europeans.
- **rs2814778 (DARC)**: Associated with resistance to malaria, common in African populations.
- **rs4988235 (LCT)**: Associated with lactase persistence, common in European populations.
- **rs12913832 (HERC2)**: Associated with eye color, particular alleles (A) linked to blue eyes, common in Europeans.
- **rs16891982 (SLC45A2)**: Linked to skin pigmentation, common allele for lighter skin in Europeans.
- **rs4420638 (APOE)**: Linked to various population groups but often studied in the context of lipids and Alzheimer's disease.
- **rs3077 (HLA-DP1)**: Variations observed across different populations, particularly East Asian.
- **rs2476746 (Vill):** Various associations.
- **rs7543435 (ATXN2)**: Different allele frequencies across populations.
- **rs3811040 (CYP1A1)**: Various associations with metabolism across populations.
- **rs1540181 (RAB11FIP1)**: Different frequencies in populations; not immediately clear.
- **rs3811445 (ADH1B)**: Alleles varying in frequencies among East Asians and Europeans.
- **rs10493096 (SLC24A2)**: Associated with pigmentation; different frequencies in populations.

### Step 2: Define Potential Feature Interactions
Next, let's identify potential novel features by combining, summing, or multiplying individual features based on their known interactions and implications.

#### Interaction Features:
1. **Skin Pigmentation Interactions**:
   - **rs1426654 * rs16891982**: Strong marker for European ancestry due to simultaneous effect on lighter skin pigmentation.
   - **rs1426654 + rs12913832**: Combined effect indicative of European ancestry due to light skin and eye colors.

2. **Metabolism/Malaria Resistance**:
   - **rs2814778 AND African Features**: High presence strongly suggestive of African ancestry.
   - **rs671 + rs3827760**: Marker indicative for East Asian ancestry due to commonality in those populations.

3. **Lactase Persistence**:
   - **rs4988235**: Significant standalone marker, higher values suggest European ancestry.

4. **Hair and Tooth Morphology Interactions**:
   - **rs3827760**: Primarily East Asian ancestry marker, particularly for specific morphological traits.

5. **General Additives**:
   - **Sum of Specific European Markers**: General summation of rs1426654, rs16891982, rs12913832.
   - **Sum of Specific East Asian Markers**: General summation for rs671, rs3827760.

#### Sample Feature Engineering:
- **interaction_rs1426654_rs16891982** = rs1426654 * rs16891982
- **interaction_rs1426654_rs12913832** = rs1426654 + rs12913832
- **interaction_rs2814778_africa** = (rs2814778 >= 1) AND (rs671 + rs12913832 + rs16891982 + rs1426654 <= 2)
- **interaction_rs671_rs3827760** = rs671 + rs3827760
- **standalone_lactase** = rs4988235

### Step 3: Map Features to Population Ancestries
Based on our engineered features, we can now see which set of features best align with specific population groups:

1. **European Ancestry**:
   - High values in **interaction_rs1426654_rs16891982**
   - High values in **interaction_rs1426654_rs12913832**
   - High **standalone_lactase** values

2. **African Ancestry**:
   - High values in **interaction_rs2814778_africa**

3. **East Asian Ancestry**:
   - High values in **interaction_rs671_rs3827760**

### Conclusion
In general, carefully engineered features focusing on known genetic markers' individual and combined effects can enhance the prediction of genomic ancestry. Utilizing feature interactions and domain knowledge can significantly improve the robustness and accuracy of our models. This process should help decompose the ancestry problem more effectively by magnifying signal strengths through specific allele combinations and their interactions.

---DIVIDER---

To determine the subject's genomic ancestry based on the provided genetic markers (SNPs), we can perform feature engineering to enhance the quality and robustness of our input features. This transformation will help in identifying patterns more effectively. Below is how we might proceed step-by-step:

### Step-by-Step Process

1. **Understand Individual Features**:
    - Each feature is a SNP with categorical values [0,1,2] indicating different genotypes.
    - Each SNP can be associated with specific alleles that give insights into the individual's ancestry due to varying allele frequencies across populations.

2. **Identify Key SNPs**:
    - **rs1426654 (SLC24A5)**: Known to be associated with skin pigmentation. The A allele is common in Europeans.
    - **rs12913832 (HERC2)**: Associated with eye color, the A allele (linked to lighter eye color) is prevalent in Europeans.
    - **rs671 (ALDH2)**: The A allele is especially prevalent in East Asian populations.
    - **rs4988235 (LCT)**: The T allele is associated with lactase persistence, common in European and some African populations.
    - **rs16891982 (SLC45A2)**: Known to be associated with pigmentation, with the G allele common in Europe.

3. **Feature Engineering**:
    We can create new features by combining these SNPs or considering interactions between them, considering known population-genetic associations.

#### Examples of Engineered Features

1. **Interaction Terms**:
    - **rs1426654 * rs12913832**:
      ```plaintext
      interaction_rs1426654_rs12913832 = rs1426654 * rs12913832
      ```
      This captures the combined effect of skin and eye pigmentation alleles.

    - **rs16891982 * rs1426654**:
      ```plaintext
      interaction_rs16891982_rs1426654 = rs16891982 * rs1426654
      ```
      This combination captures pigmentation-related effects specific to Europeans more robustly.

2. **Group-specific SNP Aggregation**:
    - African ancestry tends to show association patterns in certain SNP combinations:
      ```plaintext
      african_related_snps = rs2814778 + rs7543435
      ```
      Summing these SNPs can indicate a tendency towards African ancestry.

    - Combining skin pigmentation related SNPs for European ancestry:
      ```plaintext
      pigmentation_combination = rs1426654 + rs12913832 + rs16891982
      ```
      Aggregates skin and eye color determinants prevalent in Europeans.

3. **Decision Tree-like Interactions**:
    - Different populations may have unique SNP patterns:
      ```plaintext
      is_east_asian = (rs671 > 0) AND (rs4988235 == 0)
      ```
      This captures the specific traits of East Asian populations (rs671 is high and rs4988235 is low).

4. **Combination of Multiple Features**:
    - To target a specific ancestry, we can combine multiple features:
      ```plaintext
      ancestry_combination = rs1426654 * rs12913832 * rs16891982
      ```
      This captures the combined effect of multiple pigmentation alleles indicative of particular ancestry groups.

### Summary

Let's summarize engineered features with example formulas:

1. **rs1426654 * rs12913832**:
    - `interaction_rs1426654_rs12913832 = rs1426654 * rs12913832` - captures combined skin and eye pigmentation effects.
  
2. **rs16891982 * rs1426654**:
    - `interaction_rs16891982_rs1426654 = rs16891982 * rs1426654` - captures specific European pigmentation traits.

3. **Group-specific SNP Aggregation**:
    - `african_related_snps = rs2814778 + rs7543435` - indicates African ancestry clustering.
    - `pigmentation_combination = rs1426654 + rs12913832 + rs16891982` - aggregates pigmentation SNPs for Europeans.

4. **Decision Tree-like Interaction**:
    - `is_east_asian = (rs671 > 0) AND (rs4988235 == 0)` - captures East Asian traits.

5. **Combination of Multiple Features**:
    - `ancestry_combination = rs1426654 * rs12913832 * rs16891982` - captures multiple allele effects for a specific ancestry.

### Conclusion

By employing these new engineered features, a more sophisticated, dense, and informative set of inputs is created, aiding in more accurate determination of genomic ancestry. These transformations leverage known genetic correlations and interactions to enhance predictive performance.

---DIVIDER---

Sure, let's delve into the problem and perform step-by-step feature engineering based on the provided dataset and examples. The task is to determine the subject's genomic ancestry (European, South Asian, East Asian, African, or American) using various SNP markers.

### Step-by-Step Feature Engineering

#### Step 1: Initial Feature Analysis
1. **rs671 (ALDH2)**: Known for its association with alcohol flush reaction, especially in East Asian populations.
2. **rs3827760 (EDAR)**: Associated with hair thickness and tooth morphology, highly prevalent in East Asian populations.
3. **rs1426654 (SLC24A5)**: A significant determinant of skin color, associated with lighter skin in European populations.
4. **rs2814778 (DARC)**: Known for resistance to malaria, common in African populations.
5. **rs4988235 (LCT)**: Associated with lactase persistence, common in European populations.
6. **rs12913832 (HERC2)**: Associated with eye color, particularly blue eyes in European populations.
7. **rs16891982 (SLC45A2)**: Associated with pigmentation, common in Europeans for lighter skin.
8. **rs4420638 (APOE)**: Known for its association with Alzheimer's disease, varied across populations.
9. **rs3077 (HLA-DP)**: Related to immune response, its variability is observed across different ancestries.
10. **rs2476746 (HLA-DRB1)**: Another immune-related marker with population-specific variations.
11. **rs7543435**: Needs further context but can be considered in interaction terms.
12. **rs3811040**: Similarly, needs more context for specific interactions.
13. **rs1540181**: Requires additional context for categorical and numerical relationships.
14. **rs3811445**: Needs further context but can be considered in interaction terms.
15. **rs10493096**: Requires additional context for specific relationships.

#### Step 2: Identifying Key SNP Interactions
Given their known associations with specific geographical ancestry, we can identify potential interactions and combinations:

1. **Interaction Between Skin Pigmentation Markers**: 
   - `rs1426654 (SLC24A5)` and `rs16891982 (SLC45A2)`: Both are involved in skin pigmentation. 
   - **Feature**: `skin_pigmentation_interaction = rs1426654 * rs16891982`

2. **Combination of Eye Color and Lactase Persistence**:
   - `rs12913832 (HERC2)` for eye color and `rs4988235 (LCT)` for lactase persistence.
   - **Feature**: `european_traits_interaction = rs12913832 * rs4988235`

3. **Combination of Malaria Resistance and Hair Thickness**:
   - `rs2814778 (DARC)` for malaria resistance and `rs3827760 (EDAR)` for hair thickness.
   - **Feature**: `african_asian_interaction = rs2814778 * rs3827760`

4. **Combination for East Asian Ancestry**:
   - `rs671 (ALDH2)` and `rs3827760 (EDAR)` both are highly prevalent in East Asians.
   - **Feature**: `east_asian_interaction = rs671 * rs3827760`

5. **Combination of rs7543435 and rs3077 with Population-specific Traits**:
   - These markers could have a synergistic effect with others.
   - **Feature**: `combined_interaction1 = rs7543435 * rs3077`
   - **Feature**: `combined_interaction2 = rs7543435 * rs1426654`

6. **Create Dummy Features for Thresholds**:
   - Certain thresholds may indicate different ancestry.
   - **Feature**: `rs1426654_dummy = rs1426654 >= 1`
   - **Feature**: `rs2814778_dummy = rs2814778 > 1`

#### Step 3: Formulating New Features
1. `skin_pigmentation_interaction = rs1426654 * rs16891982`
2. `european_traits_interaction = rs12913832 * rs4988235`
3. `african_asian_interaction = rs2814778 * rs3827760`
4. `east_asian_interaction = rs671 * rs3827760`
5. `combined_interaction1 = rs7543435 * rs3077`
6. `combined_interaction2 = rs7543435 * rs1426654`
7. `rs1426654_dummy = rs1426654 >= 1`
8. `rs2814778_dummy = rs2814778 > 1`

By incorporating and computing these features, we can potentially capture richer and more informative aspects of the genotype data that might be linked to specific ancestries.

### Conclusion
The feature engineering process here involves creating interaction terms that link well-known genetic markers with their associated phenotypes, which are significant for identifying different populations. Thus, these new features should enhance the ability of a model to predict the genomic ancestry of individuals based on the given SNP data.

---DIVIDER---

To solve the task of determining the subject's genomic ancestry based on SNP (Single Nucleotide Polymorphism) data, we'll perform feature engineering. 

### Step 1: Understand the SNPs and Their Known Associations

1. **rs671 (ALDH2):** Linked to alcohol metabolism and associated with East Asian populations.
2. **rs3827760 (EDAR):** Relevant in East Asian and Native American populations, related to hair thickness and tooth morphology.
3. **rs1426654 (SLC24A5):** Strongly associated with skin pigmentation, with the A allele common in European populations.
4. **rs2814778 (DARC):** Highly associated with African ancestry and resistance to certain diseases like malaria.
5. **rs4988235 (LCT):** Associated with lactase persistence in European populations.
6. **rs12913832 (HERC2/OCA2):** Associated with eye color, particularly blue eyes in European populations.
7. **rs16891982 (SLC45A2):** Associated with lighter skin pigmentation, prevalent in European populations.
8. **rs4420638 (APOE):** Involved with lipid metabolism, varying by population.
9. **rs3077 (HLA-DPB1):** Associated with immune response, varying by population.
10. **rs2476746, rs7543435, rs3811040, rs1540181 (non-unique identifiers):** These may also have population-specific associations, though not as well-documented in this summary.

### Step 2: Identify Feature Interactions and Transformations

Based on known allele frequency distributions and the examples provided, we can engineer features that encapsulate interactions between SNPs, thresholds, and other categorical definitions.

#### Example Feature Engineering

1. **Independent SNP as categorical:**
    - Keep rs671 as is (as it's strongly indicative of East Asian ancestry).
    - rs3811445 (Non-unique), treat as is.

2. **Threshold-Based Transformation:**
    - **rs1426654 (SLC24A5):** Partitioning by value:
        - `rs1426654_high_likelihood_EURO` = 1 if rs1426654 ≥ 1
    - **rs12913832 (HERC2/OCA2):** Partitioning by value:
        - `rs12913832_high_likelihood_EURO` = 1 if rs12913832 ≥ 1

3. **Synergistic or Interaction Term:**
    - **rs12913832 (HERC2/OCA2) and rs16891982 (SLC45A2):** These together are strong indicators of European ancestry with light skin and blue eyes.
        - `interaction_rs12913832_rs16891982` = rs12913832 * rs16891982
    
    - **rs1426654 (SLC24A5) and rs2814778 (DARC):** Distinguish between African and European ancestry.
        - `interaction_rs1426654_rs2814778` = rs1426654 * (2 - rs2814778)
        
    - **rs3077 (HLA-DPB1) and rs3827760 (EDAR):** Interaction indicative of East Asian ancestry.
        - `interaction_rs3077_rs3827760` = rs3077 * rs3827760

4. **Tree-like Interactions:**
    - If `rs2814778` == 2 (high African ancestry likelihood) AND `rs1426654 == 1` (European stratification):
        - `tree_interaction_rs2814778_rs1426654` = 1 if (rs2814778 == 2 AND rs1426654 == 1)

### Step 3: Generate the Feature Set

Given the above, the novel, engineered feature set may look like this:

1. `rs671`
2. `rs1426654_high_likelihood_EURO`
3. `rs12913832_high_likelihood_EURO`
4. `interaction_rs12913832_rs16891982`
5. `interaction_rs1426654_rs2814778`
6. `interaction_rs3077_rs3827760`
7. `tree_interaction_rs2814778_rs1426654`
8. `rs3811445`
9. ... (more relevant interactions based on domain knowledge and statistical significance)

### Step 4: Evaluate

Apply these derived features to the dataset and analyze their score performances to fine-tune and ensure these engineered features effectively distinguish ancestry categories.

**Side note:** This approach simplifies and first focuses on the most prominent indicators for significant categories. Further refinement can include more SNPs and complex interactions as deemed statistically and biologically relevant from data analysis and domain expertise.

---DIVIDER---

Sure, let's break down and systematically engineer features from the given data to better express the genomic ancestry of individuals. The goal is to create a set of rich, dense, and robust features that capture the underlying genetic information more effectively. We'll use some of the feature engineering techniques listed and derive novel attributes.

### Step 1: Understanding Individual SNPs and Their Associations
Each of the SNPs provided may have known associations with various ancestries. Here's a brief overview of how some of these SNPs are related to different ancestries:

1. **rs1426654 (SLC24A5)**: The A allele is associated with lighter skin pigmentation and is prevalent in European populations. The G allele is associated with darker skin pigmentation.
2. **rs12913832 (HERC2)**: The presence of the G allele is linked to blue eye color and is primarily found in European populations.
3. **rs16891982 (SLC45A2)**: The G allele is associated with lighter skin, more common in Europeans, while the C allele is more prevalent in other populations.
4. **rs3811040 (ABCC11)**: This SNP is associated with earwax type, where the G allele is associated with dry earwax commonly found in East Asian populations. 
5. **rs4988235 (LCT)**: The T allele is associated with lactose persistence, commonly found in European populations.

Other SNPs may also have associations, but for this step, we will focus on a selection of them to engineer features.

### Step 2: Feature Engineering
#### 2.1 Keep Features As Is
Some features can be really informative on their own, so we will keep them:
- rs1426654
- rs12913832
- rs16891982
- rs4988235
- rs3811040 (possible dry earwax association)

#### 2.2 Binary Features
We create binary features (0 or 1) if a particular allele is present that might indicate a specific ancestry:
- `is_rs1426654_A = 1 if rs1426654 == 1 else 0`
- `is_rs12913832_G = 1 if rs12913832 == 1 else 0`
- `is_rs16891982_G = 1 if rs16891982 == 1 else 0`
- `is_rs4988235_T = 1 if rs4988235 == 1 else 0`
- `is_rs3811040_G = 1 if rs3811040 == 1 else 0`

#### 2.3 Interaction Features
Sometimes, interactions between alleles can provide stronger indicators. We create interaction features:
- `interaction_rs1426654_rs12913832 = rs1426654 * rs12913832`: Light skin pigmentation and blue eyes might indicate European ancestry.
- `interaction_rs1426654_rs16891982 = rs1426654 * rs16891982`: Another feature suggesting European ancestry.
- `interaction_rs12913832_rs16891982 = rs12913832 * rs16891982`: As mentioned, this combination is often a strong indicator of Northern European ancestry.
- `interaction_rs3811040_rs3077 = rs3811040 * rs3077`: If both SNPs suggest East Asian ancestry, this interaction could be strong.

### Step 3: Composite Features
#### Combining SNPs with Regional Frequencies
Create composite scores:
- `european_score = rs1426654 + rs12913832 + rs16891982 + rs4988235`
- `east_asian_score = rs3811040 + rs3077`

These scores combine the SNPs to produce aggregated indicators of specific ancestries.

### Step 4: Summarize and Derive a Model
Based on the engineered features, a hypothetical model could weigh different combinations and individual SNPs to predict the subject's ancestry. The model training would involve:
- Using a classifier (like logistic regression, SVM, or a tree-based model) to learn the coefficients or decision boundaries.
- Balancing between the features to assign ancestry based on highest probability.

### Step 5: Identify and Address Data Pattern
Using the provided examples, we can spot naive patterns already:
- A high `rs2814778` often indicates African ancestry.
- A combination of several alleles (rs1426654, rs12913832, rs16891982) points to European ancestry.

By incorporating these tailored features into a training algorithm, we can increase classification robustness and accuracy.

### Conclusion:
The created features should now feed into a machine learning model to predict genomic ancestry with improved precision. The actual implementation would involve fitting the model to the data, tuning hyperparameters, and validating against a test set for performance evaluation.

---DIVIDER---

Absolutely, let’s tackle the problem step by step. The goal is to predict the subject's genomic ancestry based on a set of given genetic markers. Here we will reconsider and re-engineer features to capture the most predictive attributes from the data.

### Understanding Features
Each feature represents a specific single nucleotide polymorphism (SNP) that is known to be informative about human ancestry. These features have categories [0, 1, 2], likely representing different genotypes:

1. **0**: Homozygous reference allele
2. **1**: Heterozygous
3. **2**: Homozygous alternate allele

### Sample Feature Engineering

#### 1. **Allele Combinations**
Certain combinations of alleles might have higher predictive power due to known biology:
- **rs12913832 (HERC2) and rs16891982 (SLC45A2)**: As described in the problem statement, lighter pigmentation is associated with European ancestry:
  - Engineering: `interaction_rs12913832_rs16891982 = rs12913832 * rs16891982`
  - Logic: Both markers are indicative of European ancestry traits (lighter skin, blue eyes).

#### 2. **Additive and Multiplicative Effects**
We may consider additive and multiplicative effects where the combined influence of two SNPs affects prediction:
- **rs1426654 (SLC24A5) and rs3811040**: Both SNPs are associated with pigmentation:
  - Engineering: `sum_rs1426654_rs3811040 = rs1426654 + rs3811040`
  - Engineering: `product_rs1426654_rs3811040 = rs1426654 * rs3811040`
  - Logic: Evaluates whether combined variant effects are significant for a specific ancestry.

#### 3. **Tree-like Interactions**
Using logical AND conditions could define more complex rules:
- **Example**: Combinations of SNPs that are present in a specific ancestry:
  - Engineering: `(rs1426654 == 2) AND (rs3811040 == 2)`
  - Logic: These conditions might strongly suggest East Asian ancestry as both markers have values that stand out in combinations.

#### 4. **Threshold-based Features**
Creating binary features that encode whether a SNP crosses a specific threshold:
- **Example**: `rs2814778` influences African ancestry:
  - Engineering: `high_rs2814778 = 1 if rs2814778 >= 1 else 0`
  - Logic: If rs2814778 is higher, it might suggest a higher likelihood of African ancestry.

### Engineering Other Interactions

#### Combination Analysis
- **rs671 and rs3077**: Known to be significant in East Asian populations:
  - Engineering: `sum_rs671_rs3077 = rs671 + rs3077`
  - Logical: Reflects a cumulative effect indicative of East Asian ancestry.

#### Encoding for Skin Pigmentation
- **Complex Combinations**: Evaluating complex combinations related to pigmentation:
  - Engineering: `skin_pigmentation_factor = rs1426654 + rs16891982 + rs12913832`
  - Logic: Combines multiple pigmentation-related SNPs to determine ancestry.

### Examples Breakdown
Let's re-examine the given examples to identify patterns:
- **African Ancestry**: Presence of `rs2814778` with a higher category (close to 2), and combinations like `(rs4988235 == 0)`
- **American Ancestry**: Often have intermediate scores and unique combinations like `(rs3847760 == 1 or 2)`
- **East Asian Ancestry**: Signified by high values in `rs671`, `rs3077`, and `rs3811445`, e.g., combinations like `(rs671 + rs3077 > 3)`
- **European Ancestry**: Low values in `rs2814778`, `rs3077`, and high values in `rs12913832` and `rs16891982`
- **South Asian Ancestry**: Typically identified with intermediate or mixed values across markers like `rs1540181` and combinations thereof.

### Final Thought
Feature engineering is about crafting combinations and transformations of original features that might better capture the underlying signal for the ancestry. This process involves:
- Domain knowledge of genetics and SNP associations with geographic ancestry.
- Analysis of given examples for pattern recognition.
- Creative engineering to better extract informative features.

Opinion-driven and manual feature engineering, as demonstrated, could be complemented with data-driven techniques like Principal Component Analysis (PCA) or regularization methods, which can further refine or validate the importance of engineered features.

---DIVIDER---

To address the task of predicting a subject's genomic ancestry (European, South Asian, East Asian, African, or American) using the provided SNP markers, let's perform feature engineering that may help us better understand and discriminate between different groups. We'll leverage our knowledge of genetic markers and their associations with different human populations.

### Step-by-Step Guide

#### 1. **Understanding Markers and Their Associations**
We are provided with various genetic markers (SNPs) known to exhibit different allele frequencies in populations from different parts of the world. The initial task involves understanding these associations:

- **rs671 (ALDH2):** Common East Asian variant, the A allele increases alcohol flush reaction, very rare in non-Asian populations.
- **rs1426654 (SLC24A5):** The A allele (lighter skin pigmentation) is prevalent in European populations.
- **rs12913832 (HERC2/OCA2):** Commonly associated with light eye color, frequent in European ancestry.
- **rs16891982 (SLC45A2):** Associated with lighter skin, hair, and eye color. The C allele is more common in European populations.
- **rs3827760 (EDAR):** Associated with physical traits common in East Asians.
- **rs2814778 (DARC/ACKR1):** The T allele (Duffy null) is almost exclusive to African populations.
- **rs4988235 (LCT):** Associated with lactase persistence (ability to digest lactose into adulthood), frequent in European populations.

Additionally, other markers like rs4420638, rs3077, rs2476746, rs7543435, rs3811040, rs1540181, rs3811445, and rs10493096 might be less studied but can still provide valuable population information.

#### 2. **Creating Simple Interactions**
Based on the single markers, we can create interaction terms that might strengthen the signal for ancestry identification.

**Example 1: Skin Pigmentation Markers**
- **Light Skin Combination:** rs1426654 (SLC24A5) * rs16891982 (SLC45A2)
  - This combination should have higher values in European populations.

**Example 2: Eye Color Marker**
- **Eye Color Marker:** rs12913832

**Example 3: African Exclusive Marker**
- **Duffy Null:** rs2814778

These combinations could take numerical forms as:
- interaction_skin_pigmentation = rs1426654 * rs16891982
- single_eye_color = rs12913832
- single_duffy_null = rs2814778

#### 3. **Tree-like Interactions**
Tree-like interactions might help capture populations with multiple concurrent characteristics:

**Example 1:**
- **East Asian Specific Markers:** (rs671 = 1) AND (rs3827760 = 2)
  - This combination indicates a high likelihood of East Asian ancestry considering the markers' known distribution.

**Example 2:**
- **African and Non-European Checks:**
  - African: (rs2814778 = 2)
  - Non-European: (rs1426654 = 0)

### Summary of Engineered Features
Let's summarize the engineered features collectively:

1. **interaction_skin_pigmentation = rs1426654 * rs16891982**
2. **single_eye_color = rs12913832**
3. **single_duffy_null = rs2814778**
4. **east_asian_indicator = (rs671 * rs3827760)**
5. **non_european_and_african = rs2814778 AND (rs1426654 == 0)**

### Closing Notes
By creating these interactions, we can strengthen our feature set to better predict genomic ancestry from the provided SNP data. Each of these features is crafted based on known population genetics principles that help enrich the initial feature space for robust model training.

---DIVIDER---

To tackle the task of determining the subject's genomic ancestry, we'll use the provided features and data examples to engineer robust features that can improve the classification performance. Our goal is to translate the given raw numerical data into meaningful and informative features that better capture the underlying heritage differences.

### Step-by-Step Approach to Feature Engineering

1. **Understand Each Genetic Marker:** 
   - Different genetic markers (SNPs - Single Nucleotide Polymorphisms) have associations with various populations. For instance:
     - **rs671:** The A allele is associated with East Asian populations.
     - **rs1426654:** The A allele is known for European ancestry due to its association with lighter skin pigmentation.
     - **rs3827760:** The C allele is highly prevalent in East Asians.
     - **rs4988235:** The T allele indicates lactose tolerance, common in Europeans.

2. **Basic Observations:**
   - Some SNPs appear more prominently in certain ancestries. For example, rs1426654 and rs4988235 often appear in European samples.
   - Interaction between several SNPs can provide more accurate predictions (e.g., combinations of rs12913832 and rs16891982).

3. **Feature Engineering Strategies:**

   - **Keep [Feature_name] as is:** Keep each SNP as an individual feature to preserve raw information.
   - **[Feature_name] (>= or <=) [Numerical_value]:** This could be used to create binary features indicating presence or absence of certain alleles.
   - **Additive and Multiplicative Combinations:** Combine SNPs interactions to capture possible synergistic effects.
   - **Tree-like Interactions:** Combine conditions for specific genetic markers that together indicate an ancestry.

### Engineered Features and Their Reasoning

1. **Single SNP Features:**
   - **rs1426654:** Known for its strong association with European ancestry (keep as is).
   - **rs4988235:** Indicates lactose tolerance which is common in Europeans (keep as is).

2. **Binary Features from Single SNPs:**
   - **rs671 >= 1:** Indicates presence of A allele, which is common in East Asians.
   - **rs12913832 >= 1:** Indicates allele associated with European eye color.

3. **Interaction Features:**
   - **rs12913832 * rs16891982:** Interaction of these features strongly suggests Northern European ancestry.

4. **Additive Features:**
   - **rs1426654 + rs4988235:** Additive effect of lighter skin pigmentation and lactose tolerance, common in Europeans.

5. **Tree-like Interaction Features:**
   - **(rs1426654 >= 1) AND (rs4988235 >= 1):** Combined presence strongly indicates European ancestry.

Here is a revised list of features:

- **Single SNPs:** rs1426654, rs4988235, rs671, rs12913832.
- **Binary Single SNPs:**
  - rs671 >= 1
  - rs12913832 >= 1
- **Interaction Features:**
  - interaction_rs12913832_rs16891982 = rs12913832 * rs16891982
- **Additive Features:**
  - additive_rs1426654_rs4988235 = rs1426654 + rs4988235
- **Tree-like Interaction Features:**
  - combined_european = (rs1426654 >= 1) AND (rs4988235 >= 1)

### Reengineering the Task with Examples

Let's illustrate the application of these engineered features with actual examples:

#### Example 1:
Unnamed: 0 is 896. rs671 is 0. rs3827760 is 1. rs1426654 is 1. rs2814778 is 0. rs4988235 is 1. rs12913832 is 1. rs16891982 is 0. rs4420638 is 0. rs3077 is 0. rs2476746 is 0. rs7543435 is 1. rs3811040 is 1. rs1540181 is 1. rs3811445 is 0. rs10493096 is 2.
Answer: American Ancestry

#### Example 2:
Unnamed: 0 is 547. rs671 is 0. rs3827760 is 0. rs1426654 is 0. rs2814778 is 0. rs4988235 is 1. rs12913832 is 0. rs16891982 is 2. rs4420638 is 0. rs3077 is 1. rs2476746 is 1. rs7543435 is 1. rs3811040 is 1. rs1540181 is 0. rs3811445 is 1. rs10493096 is 0.
Answer: European Ancestry

Analyzing these examples with our engineered features will help us identify specific patterns and relationships that point towards a particular ancestry.

### Conclusion

By engineering a combination of individual and combined SNP features, we can extract more meaningful insights that better express the data's relationships to the subject’s ancestry. This feature engineering process aligns with the complexity and richness required for genomic data analysis.

---DIVIDER---

Sure, let's break down the problem step-by-step and engineer some meaningful features based on the given data:

### Step 1: Understand the Problem
The task is to determine the subject's genomic ancestry based on a set of genetic markers. The possible ancestries are European, South Asian, East Asian, African, or American.

### Step 2: Identify Key Markers
Some genetic markers are known to be more informative about ancestry than others. By analyzing the provided examples and our genetic knowledge:

- **rs1426654**: Associated with skin pigmentation. The A allele (value 1 or 2 in the dataset) suggests lighter skin, which is more common in Europeans.
- **rs12913832 (HERC2)**: Associated with eye color. The presence of the A allele (value 2) suggests blue eyes, common in Europeans.
- **rs16891982 (SLC45A2)**: Associated with lighter skin. The G allele (values 1 or 2) is prevalent in Europeans.
- **rs2814778**: The Duffy null allele (values 1 or 2) is common in African ancestry.

### Step 3: Feature Engineering
Let's create some novel features based on the interaction between these markers and other markers to better predict ancestry:

#### Feature 1: rs12913832 * rs16891982
- **Description**: Interaction between eye color and skin pigmentation.
- **Reasoning**: Both traits are highly indicative of European ancestry.

#### Feature 2: rs1426654 * rs2814778
- **Description**: Interaction between skin pigmentation and Duffy null allele.
- **Reasoning**: Could help distinguish between European (lighter skin) and African (Duffy null allele) ancestries.

#### Feature 3: rs12913832 == 2 AND rs16891982 == 2
- **Description**: Presence of blue eyes and very light skin.
- **Reasoning**: Strong marker for Northern European ancestry.

#### Feature 4: (rs671 == 1) AND (rs3077 == 1)
- **Description**: Specific combination observed more frequently in East Asians.
- **Reasoning**: Specific allelic combinations can be enriched in specific populations.

#### Feature 5: Sum of all markers
- **Description**: Sum of the values across all markers.
- **Reasoning**: A higher aggregate score might correlate with specific ancestral backgrounds (e.g., European or Asian).

Here’s a detailed description of the engineered features:

1. **interaction_rs12913832_rs16891982** = rs12913832 * rs16891982
   - This captures the combined effect of eye color and skin pigmentation, potentially indicating Northern European ancestry.

2. **interaction_rs1426654_rs2814778** = rs1426654 * rs2814778
   - This feature considers skin pigmentation and the Duffy null allele, which can help distinguish between European and African ancestries.

3. **blue_eyes_and_light_skin** = (rs12913832 == 2) AND (rs16891982 == 2)
   - A binary feature indicating the presence of both blue eyes and very light skin, strong markers for Northern European ancestry.

4. **east_asian_marker_combination** = (rs671 == 1) AND (rs3077 == 1)
   - A binary feature derived from specific allelic combinations known to be enriched in East Asian populations.

5. **sum_of_all_markers** = Unnamed: 0 + rs671 + rs3827760 + rs1426654 + rs2814778 + rs4988235 + rs12913832 + rs16891982 + rs4420638 + rs3077 + rs2476746 + rs7543435 + rs3811040 + rs1540181 + rs3811445 + rs10493096
   - An aggregate score representing the sum of all marker values, providing a generalized feature that might correlate with ancestry.

By engineering these features, we will enhance the dataset to better capture the underlying ancestries. The next step would involve utilizing these features in a classification model to predict the subject's genomic ancestry more accurately.

---DIVIDER---

## Understanding the Problem

The task is to identify a subject's genomic ancestry from one of five ancestries: European, South Asian, East Asian, African, or American. We have several genetic markers represented by different SNPs (Single Nucleotide Polymorphisms) which may have differential frequency distributions in populations with different ancestries. By leveraging these distributions, we can engineer features that help in predicting the genomic ancestry.

## Step-by-Step Feature Engineering

### Step 1: Retain Important Features

Some SNPs may have specific implications for certain ancestries. We retain them as is for potential direct influence.

- rs671
- rs3827760
- rs1426654
- rs2814778
- rs4988235
- rs12913832
- rs16891982
- rs4420638
- rs3077
- rs2476746
- rs7543435
- rs3811040
- rs1540181
- rs3811445
- rs10493096

### Step 2: Create Interaction Features

Efforts should be made to understand interactions between SNPs for their combined effect in identifying specific ancestries.

#### Example 1: Skin Pigmentation
- **rs12913832 (HERC2)** and **rs16891982 (SLC45A2)**
  - **Rationale**: The combination of alleles at these loci may indicate light skin pigmentation, relevant for European ancestry.
  - **Engineered Feature**: `interaction_rs12913832_rs16891982 = rs12913832 * rs16891982`

#### Example 2: Lactose Tolerance
- **rs4988235** (LCT gene associated with lactase persistence) may be especially relevant for European ancestry.
  - **Engineered Feature**: Retain `rs4988235` as is.

#### Example 3: Duffy Antigen
- **rs2814778** (Duffy antigen) is known to be associated with African ancestry.
  - **Engineered Feature**: `rs2814778_African_marker = int(rs2814778 == 2)`

### Step 3: Higher-Order Interactions

For more complex patterns, combinations of three or more SNPs can be useful.

#### Example 1: Mixed Characteristics
- **rs12913832 (HERC2)**, **rs16891982 (SLC45A2)**, and **rs3827760 (EDAR)**
  - **Rationale**: These SNPs together may help identify ancestry that includes mixed traits commonly found in American ancestry.
  - **Engineered Feature**: `complex_interaction_1 = rs12913832 * rs16891982 * rs3827760`

#### Example 2: Composite Skin and Eye Feature
- **rs1426654 (SLC24A5)** and **rs16891982 (SLC45A2)**
  - **Rationale**: Both involve pigmentation, their combined effect may be highly indicative.
  - **Engineered Feature**: `skin_eyes_combined = rs1426654 * rs16891982`

### Step 4: Create Additional Condition-Based Features

Use conditions to combine the presence of genetic markers.

#### Example: European Light Pigmentation
- [rs12913832 > 0] AND [rs16891982 > 0]
  - **Rationale**: Both alleles associated with lighter pigmentation, indicative of European ancestry.
  - **Engineered Feature**: `light_pigmentation = int((rs12913832 > 0) & (rs16891982 > 0))`

#### Example: African Specific Markers
- [rs2814778 == 2] AND [rs1426654 == 0]
  - **Rationale**: High specificity markers indicating African ancestry.
  - **Engineered Feature**: `african_specific = int((rs2814778 == 2) & (rs1426654 == 0))`

### Step 5: Evaluate Novel Feature Impact

Each feature needs to be evaluated for their relevance using statistical methods such as:
- Mean decrease impurity in tree-based models.
- Information gain from decision trees.
- Impact on classification accuracy.

### Summary of Engineered Features

- Retained all individual SNP features.
- Interaction between rs12913832 and rs16891982.
- Binary markers for lactose tolerance and Duffy antigen.
- Complex interaction combining rs12913832, rs16891982, and rs3827760.
- Condition-based feature for light pigmentation.
- Condition-based feature for African specific markers.

By converting biological importance into engineered features, we achieve a dataset that encapsulates nuanced genetic ancestry information beyond brute SNP values.

---DIVIDER---

To determine the subject's genomic ancestry based on the given SNPs, we need to leverage known associations between these genetic markers and specific populations. This process involves a combination of domain knowledge, pattern recognition from the provided data, and feature engineering to tease out subtle differences. Here's a structured approach:

### Step 1: Understand the Associations

- **rs12913832 (OCA2/HERC2 gene):** Primarily influences eye color. The G allele is common in Europeans.
- **rs16891982 (SLC45A2 gene):** Associated with lighter skin pigmentation, prevalent in Europeans.
- **rs1426654 (SLC24A5 gene):** The A allele is linked with lighter skin pigmentation, common in Europeans.
- **rs2814778 (Duffy null allele, FY):** The T allele is almost fixed in African populations.
- **rs3827760 (EDAR gene):** Common in East Asians.
- **rs671 (ALDH2 gene):** High frequency in East Asians but rare in other populations.
- **rs4988235 (LCT gene):** Associated with lactase persistence, mostly in Europeans.
- **rs4420638:** Associated with lipid metabolism, variation seen across populations.
- **rs3077:** Seen in multiple populations but with frequency differences.
- **rs7543435, rs1540181, rs3811445, rs10493096:** Additional markers with varying frequencies among populations.

### Step 2: Feature Engineering

1. **Single SNPs:** Some SNPs have strong population-specific signals. For instance:
   - rs2814778 presence indicates African ancestry.
   - rs671 presence suggests East Asian ancestry.

2. **Combinations of SNPs:** Combining markers can improve accuracy:
   - **Lactase Persistence (rs4988235) and Eye Color (rs12913832):** Lactase persistence combined with lighter eye color strongly indicates European ancestry.
   - **Skin Pigmentation (rs1426654) and Eye Color (rs12913832):** Both lighter skin and eye color are markers of European ancestry.

3. **Additive Effects:** Some features may have added predictive power when considered together:
   - **rs1426654 + rs16891982:** Strong indicator of European ancestry.
   - **rs3811445 and rs10493096:** Being associated with specific populations, combined could indicate a synergistic effect.

4. **Multiplicative Effects:** Certain features when combined multiplicatively can reflect interactions:
   - **rs671 * rs3827760:** Interaction reflecting East Asian ancestry.

5. **Tree-like Interactions:** Sometimes conditions apply simultaneously:
   - **(rs4988235 ==1) AND (rs12913832 == 2):** Indicative of European ancestry.

### Step 3: Examples of Feature Engineering in the Context

1. **European Ancestry Indicators:**
   - **Feature: light_skin_and_eye:** \( \text{rs1426654 (1 or 2)} \) AND \( \text{rs12913832 (1 or 2)} \)
   - **Feature: light_skin_and_lactase_persistence:** \( \text{rs1426654 (1 or 2)} \times \text{rs4988235 (1 or 2)} \)

2. **African Ancestry Indicators:**
   - **Feature: duffy_null:** \( \text{rs2814778 (2)} \)
   - **Feature: lipid_marker:** Particularly \( \text{rs4420638 (1 or 2)} \)

3. **East Asian Ancestry Indicators:**
   - **Feature: eda_and_aldh:** \( \text{rs3827760 (2)} \times \text{rs671 (1 or 2)} \)

4. **American Ancestry Indicators:**
   - **Feature: indigenous_american:** \( \text{rs7543435 (1 or 2)} \)

5. **South Asian Ancestry Indicators:**
   - **Feature: south_asian_marker:** \( \text{rs1426654 (1 or 2)} \times \text{rs3077 (1 or 2)} \)

### Step 4: Constructing the Features

Let's define some rich, dense features:

- **light_skin_and_eye:** Binary feature where \( \text{rs1426654} \in [1,2] \) AND \( \text{rs12913832} \in [1,2] \)
- **light_skin_and_lactase_persistence:** \( \text{rs1426654 (numerical value)} \times \text{rs4988235 (numerical value)} \)
- **eda_and_aldh:** \( \text{rs3827760 (numerical value) * rs671 (numerical value)} \)
- **duffy_null:** Binary feature where \( \text{rs2814778} \in [2] \)
- **lipid_marker:** Binary feature where \( \text{rs4420638} \in [1, 2] \)
- **indigenous_american:** Binary feature where \( \text{rs7543435} \in [1, 2] \)
- **south_asian_marker:** \( \text{rs1426654 (numerical value)} \times \text{rs3077 (numerical value)} \)

### Step 5: Applying the Features

Using the new engineered features, now we can classify subjects based on their genomic markers more precisely:

For instance, if:
- **duffy_null** = 1: Strong likelihood of African Ancestry.
- **light_skin_and_eye** = 1: Likely European Ancestry.
- **eda_and_aldh** is high: Likely East Asian Ancestry.
- **indigenous_american** = 1: Likely American Ancestry.
- **south_asian_marker** is high: Likely South Asian Ancestry.

---DIVIDER---

To solve the problem of determining genomic ancestry based on genetic markers, we need to employ feature engineering to capture important relationships and patterns within the data. Here is the step-by-step process:

### Step 1: Understand the Individual Contribution of Each Marker

1. **Explore Single Markers:**
   - Each single nucleotide polymorphism (SNP) or genetic marker may itself carry significant information regarding ancestry. We can analyze the categorical values of each marker to see if they are strongly associated with specific ancestries.

2. **Categorical Analysis:**
   - For each SNP (e.g., rs671, rs3827760, etc.), evaluate the frequencies of the categories [0, 1, 2] across different ancestries. This helps identify SNPs that are particularly informative for certain ancestries.

### Step 2: Identify Significant Combinations and Interactions

1. **Pairwise Interactions:**
   - Analyze combinations of SNPs where the presence of certain alleles together provides more information than either alone. This includes:
     - **Additive Effects:** Sum of two SNPs if their combined presence indicates a stronger correlation with a particular ancestry.
     - **Multiplicative Effects:** Product of two SNPs to capture interactions where both need to be present (or absent) to be predictive. 

2. **Logical AND Conditions:**
   - Use tree-like interactions where both conditions need to be met for the feature to be informative.

### Step 3: Engineer New Features

Based on the given data and examples, let's engineer some specific features:

1. **Single Marker Analysis:**
   - **rs1426654 presence of 2:** Known to be a strong indicator of African Ancestry.
   - **rs12913832 presence of 2:** Strong marker for European ancestry.
   - **rs671 and rs3827760:** Typically informative for East Asian ancestry.

2. **Pairwise Interactions:**
   - **European Complex Interaction:**
     - `interaction_rs12913832_rs16891982 = rs12913832 * rs16891982`
     - Both being 2 increases the likelihood of European ancestry.
     
   - **African Interaction:**
     - `interaction_rs1426654_rs2814778 = rs1426654 * rs2814778`
     - Both being 2 suggests higher likelihood of African ancestry.

3. **Tree-like Interactions:**
   - **East Asian Complex Interaction:**
     - `EastAsianMarker = (rs671 == 2) AND (rs3077 == 2)`
   
   - **American Complex Interaction:**
     - `AmericanMarker = rs3827760 == 1 AND rs3811040 == 1`

### Example Engineering Based on Data

1. **Feature: interaction_rs12913832_rs16891982**
   - If both `rs12913832` and `rs16891982` are 2, it significantly contributes to identifying European ancestry.

2. **Feature: interaction_rs1426654_rs2814778**
   - Both values being 2 strongly suggests African ancestry.

3. **Feature: EastAsianMarker**
   - `(rs671 == 2) AND (rs3077 == 2)`
   - Both being 2 significantly suggests East Asian ancestry.

4. **Feature: Complex American hallmark**
   - `(rs3827760 == 1) AND (rs3811040 == 1)`

### Step 4: Apply to Examples and Validate

Now take the examples given and apply these features to establish if they align with our engineered features:

- **Case:**
  - Unnamed: 0 is 1938. rs671 is 0. rs3827760 is 2. rs1426654 is 2. rs2814778 is 0. rs4988235 is 0. rs12913832 is 0. rs16891982 is 0. rs4420638 is 1. rs3077 is 2. rs2476746 is 1. rs7543435 is 2. rs3811040 is 1. rs1540181 is 0. rs3811445 is 0. rs10493096 is 0.
  - **Features:**
    - rs671 = 0
    - rs3827760 = 2
    - rs1426654 = 2
    - rs2814778 = 0
    - ... additional individual markers
    - **Interaction Features:**
      - interaction_rs1426654_rs2814778 = 2 * 0 = 0 (Not African)
      - Interaction for East Asian (rs671 == 2) AND (rs3077 == 2): False

Thus, leveraging the feature engineering steps would result in more robust identification of ancestry.

### Conclusion

By engineering these carefully crafted interactions and conditions, you can create a potent set of features that improve the accuracy of predicting genomic ancestry. The next steps involve validating these engineered features across more examples and further refining them based on additional insights.

---DIVIDER---

Certainly, let's break down the problem and engineer features step-by-step to derive the subject's genomic ancestry.

## Understanding the Problem
The goal is to determine the genomic ancestry of a subject based on given genetic markers. We have several single nucleotide polymorphisms (SNPs) identified by their rsIDs, with each SNP having possible values of 0, 1, or 2 corresponding to different genotypes. Given the examples and understanding the roles of these SNPs in ancestry, we should engineer features that help in distinguishing the different ancestries.

## Step-by-Step Feature Engineering

### Key SNPs and Known Associations
1. **rs12913832 (HERC2) & rs16891982 (SLC45A2)**:
   - Both relate to lighter pigmentation and are indicative of European ancestry.
   - We can create an interaction feature: `interaction_rs12913832_rs16891982 = rs12913832 * rs16891982`
   
2. **rs1426654 (SLC24A5)**:
   - The A allele (represented as 1 or 2) is associated with lighter skin pigmentation, common in Europeans and South Asians.
   - A binary feature to indicate the presence of this allele could be helpful: `rs1426654_A_present = 1 if rs1426654 >= 1 else 0`
   
3. **rs2814778 (Duffy Antigen) (FY*O)**:
   - The presence of the 2 allele indicates African ancestry due to resistance to malaria.
   - Binary feature: `rs2814778_African_marker = 1 if rs2814778 == 2 else 0`
   
4. **rs671 (ALDH2)** & **rs3827760 (EDAR)**:
   - These SNPs are associated with East Asian ancestry.
   - Binary feature combinations: `rs671_EastAsian_marker = 1 if rs671 == 2 else 0`, `rs3827760_EastAsian_marker = 1 if rs3827760 == 2 else 0`

### Higher-order Interactions
Considering two-way and three-way interactions among important SNPs often reveal subtle ancestry signals:

1. **European Ancestry Indicators**:
   - **rs12913832 & rs16891982**: Light pigmentation markers.
   - Feature: `interaction_European = rs12913832 * rs16891982`
   
2. **East Asian Ancestry Indicators**:
   - **rs671 & rs3827760**: Both SNPs are linked to East Asian ancestry.
   - Feature: `interaction_EastAsian = rs671 * rs3827760`
   
3. **African Ancestry Indicators**:
   - **rs1426654 & rs2814778**: One marker for light skin and one African resistance to malaria. When rs2814778 is high, predominant African indication.
   - Combination: `rs1426654_and_rs2814778_African = rs1426654 * rs2814778`
   
4. **South Asian Ancestry Indicators**:
   - **rs1426654 & rs7543435**: Light skin pigmentation combined with rs7543435.
   - Feature: `interaction_SouthAsian = rs1426654 * rs7543435`
   
5. **American Ancestry Indicators**:
   - Mixed markers from various populations, often haplotype-based rather than single SNP.
   - Use a complex interaction involving multiple relevant SNPs: `interaction_American = rs671 * rs1426654 * rs16891982` (or similar based on known haplotypes).

### Data-driven Interactions
By observing the patterns in the provided examples:

- Combination of multiple SNPs across different ancestries:
   - African: Often rs2814778 = 2, interaction with rs4420638 often = 1.
   - American: Mixture, often with rs3827760, rs16891982 significant presence.
   - Create generalized features combining multiple SNP values using thresholding or logic combinations.

### Engineering Features Based on the Patterns
- **Binary Features for Major Ancestry Indicators**:
  - `African_marker = rs2814778_African_marker`
  - `European_marker = rs1426654_A_present and interaction_rs12913832_rs16891982 == high`
  - `EastAsian_marker = rs671_EastAsian_marker and rs3827760_EastAsian_marker`
  - `SouthAsian_marker = rs1426654 and (rs2476746 or rs7543435)`
  - `American_marker = mixed_indices logic combination`

By employing these steps, we can construct a set of robust, discriminative features that help in effectively predicting the genomic ancestry. Each of these engineered features captures an aspect of the underlying genetic makeup that correlates with ancestry.

---DIVIDER---

Sure, let's approach this step-by-step to design novel features that could help in differentiating between different genomic ancestries based on the provided SNPs (Single Nucleotide Polymorphisms). 

### Step 1: Understand the Problem
We need to predict the subject's genomic ancestry (European, South Asian, East Asian, African, or American) using genetic markers (SNPs). Each SNP is given a numerical value representing the allele count (0, 1, or 2). 

### Step 2: Review the Features
We have the following features:
- Unnamed: 0
- rs671
- rs3827760
- rs1426654
- rs2814778
- rs4988235
- rs12913832
- rs16891982
- rs4420638
- rs3077
- rs2476746
- rs7543435
- rs3811040
- rs1540181
- rs3811445
- rs10493096

### Step 3: Analyze Each SNP's Association with Ancestry
Let's see what each SNP can tell us about ancestry:

1. **rs671**: Associated with alcohol flush reaction, common in East Asians.
2. **rs3827760**: Associated with facial features, also prevalent in East Asian populations.
3. **rs1426654 (SLC24A5)**: Strongly associated with lighter skin pigmentation, prevalent in European populations.
4. **rs2814778 (DARC)**: Associated with malaria resistance, prevalent in African populations.
5. **rs4988235 (LCT)**: Associated with lactase persistence, common in European populations.
6. **rs12913832 (HERC2)**: Associated with blue eye color, common in Europeans.
7. **rs16891982 (SLC45A2)**: Associated with lighter skin pigmentation, common in Europeans.
8. **rs4420638**: Associated with lipid levels, can be variable.
9. **rs3077**: Associated with hepatitis B response, common in East Asians.
10. **rs2476746**: Associated with diabetes, varies across populations.
11. **rs7543435**: Likely variable.
12. **rs3811040**: Likely variable.
13. **rs1540181**: Likely variable.
14. **rs3811445**: Likely variable.
15. **rs10493096**: Likely variable.

### Step 4: Feature Engineering
We will now engineer features based on observed patterns and known associations:

#### Feature 1:
**interaction_rs12913832_rs16891982 = rs12913832 * rs16891982**
- This interaction suggests European ancestry due to its association with lighter skin and blue eyes.

#### Feature 2:
**East_Asian_SNPs = rs671 + rs3827760**
- Summing the values of these SNPs, which are markers for East Asian ancestry.

#### Feature 3:
**African_SNP = rs2814778**
- This SNP alone is very indicative of African ancestry.

#### Feature 4:
**Lactase_Persistence_European_Ancestry = rs4988235 * rs1426654**
- Interaction of lactase persistence and light skin pigmentation, indicative of European ancestry.

#### Feature 5:
**rs12913832 + rs4988235 + rs16891982**
- Strong markers for European ancestry.

#### Feature 6:
**Sum_SNPs**
- Sum of all SNPs may help to capture cumulative effects.

### Step 5: Test and Validate
Given more data, you could test these engineered features to see if they improve model performance in predicting ancestry. However, clearly:

- For **African Ancestry**: rs2814778 and its values are very indicative.
- For **European Ancestry**: Combinations involving rs1426654, rs12913832, rs16891982, and rs4988235 are key markers.
- For **East Asian Ancestry**: rs671 and rs3827760 have strong associations.
- **American** and **South Asian** ancestry might rely on combinations and cumulative SNP values.

### Step 6: Summary of Engineered Features

1. **interaction_rs12913832_rs16891982 = rs12913832 * rs16891982**
2. **East_Asian_SNPs = rs671 + rs3827760**
3. **African_SNP = rs2814778**
4. **Lactase_Persistence_European_Ancestry = rs4988235 * rs1426654**
5. **rs12913832 + rs4988235 + rs16891982**
6. **Sum_SNPs = rs671 + rs3827760 + rs1426654 + rs2814778 + rs4988235 + rs12913832 + rs16891982 + rs4420638 + rs3077 + rs2476746 + rs7543435 + rs3811040 + rs1540181 + rs3811445 + rs10493096**

These engineered features incorporate known genetic markers and interactions likely to improve the robustness and accuracy of predicting genomic ancestry.

---DIVIDER---

Sure, let's break the problem down step by step and make some useful engineered features using the initial dataset.

### Step-by-Step Breakdown

1. **Understanding the Input Features**:
    - Each feature (rsXXX) represents a specific SNP (single nucleotide polymorphism).
    - The values [0, 1, 2] typically correspond to genotypes (e.g., 0 might denote AA, 1 could be AG, and 2 might be GG for a given SNP).
    - The task essentially involves predicting the genomic ancestry based on these genotypes.

2. **Identifying Key Genetic Markers**:
    - Given SNPs have literature supporting their relevance to different ancestral backgrounds (for example, rs1426654 is known for skin pigmentation differences, with allele A associated more with European ancestry).

3. **Creating Useful Features**:
    - We can engineer features by considering each SNP individually and in combination.

### Example of Feature Engineering

1. **Direct Indicators**:
    - **rs1426654 (SLC24A5)**: Known for skin pigmentation. The allele A associated with lighter skin, more common in Europeans.
    - **rs12913832 (HERC2)**: Associated with eye color, lighter eyes (e.g., blue) are more common in Europeans.
    - **rs16891982 (SLC45A2)**: Associated with skin pigmentation. Allele G is more common in Europeans.

    Combined features:
    - `interaction_rs1426654_rs12913832`: This would be calculated as `rs1426654 * rs12913832`. High values suggest strong European ancestry.
    - `interaction_rs1426654_rs16891982`: This would be calculated as `rs1426654 * rs16891982`. Again, high values suggest European ancestry.

2. **Population-Specific Indicators**:
    - **rs671 and rs3827760**: Variants often found in East Asian populations.
    - **rs2814778**: Known to be prevalent in African populations.
    - Create features like:
      - `East_Asian_Indicative = rs671 * rs3827760`
      - `African_Indicative = rs2814778`

3. **Combination Indicators**:
    - Sometimes a combination of multiple SNPs offers better insight.
    - Example: `rs671 * rs3827760` for East Asian ancestry.
    - Example: `rs2814778 + rs12913832` for differentiating between European and African ancestry based on combined values.

### Feature Engineering Examples:

1. **Simple Individual SNP Features**:
    - `SNP_A_high = rs1426654 == 2`
    - `SNP_B_present = rs2814778 > 0`

2. **Additive and Multiplicative Effects**:
    - Additive:
      - `Combined_European_Indicator = rs1426654 + rs12913832 + rs16891982`
    - Multiplicative:
      - `Interaction_Skin_Eye = rs1426654 * rs12913832`

3. **Tree-like Interactions**:
    - If we believe some specific combination strongly relates to an ancestry:
    - `East_Asian_Strong_Indicator = (rs671 > 0) AND (rs3827760 > 0)`
    - `African_Strong_Indicator = (rs2814778 == 2) AND (rs4988235 == 0)`

4. **Complex Interactions**:
    - Considering more SNPs combined in sophisticated ways can lead to better accuracy:
    - `Mix_Indicator_1 = (rs1426654 + rs12913832 + rs16891982) * (rs671 + rs3827760)`
    - `Mix_Indicator_2 = (rs2814778 * rs4988235) + (rs1426654 * rs12913832)`

### Conclusion

While crafting these features, we primarily focus on combining the SNPs known to be biologically relevant to different ancestries. The engineered features can then be used in a machine learning model to predict the genomic ancestry with better robustness. Keep in mind, the interactions should be validated through a robust model training process and cross-validation to ensure they do improve the model's performance.

---DIVIDER---

To determine the subject's genomic ancestry based on the given SNP features, we need to extract and engineer features that can maximize the information from the given data. Below are the steps for understanding the problem and engineering new features:

### Step 1: Understand the Given SNPs
Each SNP (Single Nucleotide Polymorphism) given in the data has three possible categories: 0, 1, and 2, which typically represent the number of minor or risk alleles present in the individual's genotype.

### Step 2: Identify Features and Patterns from Examples
Based on the provided example data, certain SNPs and their values seemingly correlate with specific ancestries. We can identify potential patterns that can be harnessed by combining features. Here are observations on feature values in relation to ancestries:

1. **African Ancestry**:
   - High values of rs2814778 (always 2).
   - Moderate values on other features.

2. **American Ancestry**:
   - Varying values of rs7543435.
   - Specific combinations of certain SNPs (e.g., rs3827760, rs1426654, rs7395735).

3. **East Asian Ancestry**:
   - High values of rs3827760 combined with high values of rs1426654.

4. **European Ancestry**:
   - High values of rs12913832 and rs16891982.
   - High rs4988235 (lactase persistence often seen in Europeans).

5. **South Asian Ancestry**:
   - Combinations involving specific values in rs1426654, rs3077, rs7543435, and rs3811040.

### Step 3: Feature Engineering
Use domain knowledge and observed patterns to engineer new features:

1. **Keep Existing Features**: Retain the original feature as they directly influence the prediction.
2. **Combinations and Interactions**:

   - **Skin Pigmentation Related SNPs**:
     - Interaction between rs1426654 and rs12913832 for European ancestry: `interaction_skin_light = rs1426654 * rs12913832`
     - High value on rs1426654 might reflect certain ancestries.

   - **Lactase Persistence**:
     - Higher values for rs4988235 correlated with European ancestry: `high_rs4988235 = int(rs4988235 == 1)`

   - **Patterns from African Ancestry**:
     - High values in rs2814778: `high_rs2814778 = int(rs2814778 == 2)`
     - Moderate or varying combinations from other features: `comb_african_pattern = (rs4420638 == 1) & (rs3077 in [1, 2])`

   - **Patterns from East Asian Ancestry**:
     - High rs3827760 and rs1426654 interactions: `interaction_east_asian = (rs3827760 * rs1426654)`

### Step 4: Propose the Final Feature Set
After combining and engineering these features, here’s the proposed set of features:

1. Original features are retained.
2. Engineered features:

   - `interaction_skin_light = rs1426654 * rs12913832`
   - `high_rs4988235 = int(rs4988235 == 1)`
   - `high_rs2814778 = int(rs2814778 == 2)`
   - `comb_african_pattern = (rs4420638 == 1) & (rs3077 in [1, 2])`
   - `interaction_east_asian = (rs3827760 * rs1426654)`

### Conclusion
By keeping the original features and adding these engineered features, we should have a set of rich, dense, and robust features capturing the complex interactions and patterns needed for predicting genomic ancestry. This approach helps uncover deeper relationships within the SNP data that directly influence ancestry predictions.

---DIVIDER---

To address the task of determining a subject's genomic ancestry based on given genetic markers (single nucleotide polymorphisms or SNPs), we need to create robust features that will help us differentiate among the five possible ancestries: European, South Asian, East Asian, African, and American. Let's engineer several features based on observed patterns and our understanding of genetic associations.

### Understanding Patterns and Engineering Features
1. **Individual SNP Contributions:**
   Each SNP can hold significant ancestry information. We'll consider both the raw values and categorical thresholds (like presence or absence of risk alleles).

2. **Combined SNP Interactions:**
   Some genetic markers work synergistically to provide clearer ancestry indicators. We will engineer features that capture these interactions.

3. **Thresholding:**
   Creating binary features (e.g., SNP value above or below a certain point) can help in simpler model interpretations.

### Examples and Feature Engineering
Let's look at the provided example data and use it to identify some patterns.

#### SNPs with Notable Patterns:
1. **rs1426654:** 
   - European ancestry is typically associated with the value of 0.
   - African ancestry is generally seen with higher values.
   - Engineering binary features based on thresholds.

2. **rs3811040:** 
   - Shows variance among ancestries.
   - Higher values tend to indicate South Asian and East Asian ancestries.

3. **rs12913832 and rs16891982:** 
   - Combined to identify European ancestry, especially with values indicating lighter pigmentation.

4. **rs7543435:** 
   - Examining high values could distinguish certain ancestries.

5. **rs3077 and rs4988235:**
   - Lower values of rs3077 and certain values of rs4988235 are linked with African ancestry.

Let's propose some engineered features:

#### Feature Engineering:

1. **Skin Pigmentation Related Features:**
   - `light_skin_marker = rs1426654 == 0`
   - `rs12913832_rs16891982_interaction = rs12913832 * rs16891982`

2. **Ancestry-Specific SNP Combinations:**
   - `Asian_marker = rs1426654 + rs3811040`
   - `African_marker_combination = rs2814778 * rs1426654`

3. **Threshold-Based Binary Features:**
   - `rs3077_high = rs3077 >= 2`
   - `rs4988235_european = rs4988235 == 1`

4. **Complex Interactions:**
   - `east_asian_risk = (rs3811040 >= 1) * (rs3827760 >= 1)`
   - `african_unique = (rs2814778 == 2) + (rs1426654 == 2)`

#### Example Analysis:
1. **African Ancestry Markers:**
   - Often having higher values for `rs2814778` and `rs1426654`.
   - Featuring adjusted combinations:
     ```python
     african_marker = rs2814778 * rs1426654
     ```
   - Using a mix:
     ```python
     african_marker_combination = (rs2814778 == 2) + (rs3077 >= 2)
     ```

2. **European Ancestry Markers:**
   - Lighter pigmentation alleles are strongly indicative.
     ```python
     european_marker = rs12913832 * (rs1426654 == 0)
     ```

3. **East Asian Ancestry Markers:**
   - The presence of certain SNP values such as `rs3811040`.
     ```python
     east_asian_marker = (rs3811040 >= 1) * (rs3827760 == 2)
     ```

4. **American Ancestry Markers:**
   - Specific high values in certain combinations.
     ```python
     american_marker = (rs16891982 == 2) * (rs6817760 == 1)
     ```

5. **South Asian Ancestry:**
   - Mixed higher values in `rs3811040` and presence of `rs12913832` values.
     ```python
     south_asian_marker = (rs3811040 == 2) + (rs12913832 == 1)
     ```

### Conclusion
By examining these patterns and using feature combinations or interactions, we create a feature set that captures the essential genetic signatures associated with different ancestries. This engineered feature set provides a more refined and expressive input for any classification model to predict genomic ancestry.

---DIVIDER---

To solve the problem of determining the subject's genomic ancestry using the given SNPs (Single Nucleotide Polymorphisms) and their respective features, we'll follow these steps:

### Step 1: Understand the Problem
We need to determine genomic ancestry — European, South Asian, East Asian, African, or American — based on the values of specified SNPs. Each SNP can have values 0, 1, or 2, corresponding to homozygous reference, heterozygous, and homozygous minor alleles, respectively.

### Step 2: Identify and Keep Key Features
Some SNPs are well-documented markers of specific ancestries. By identifying these SNPs and understanding their roles, we can create new, useful features.

- **rs12913832 (HERC2)**: Known for determining eye color, with A allele linked to lighter pigmentation common in Europeans.
- **rs16891982 (SLC45A2)**: Linked to lighter skin pigmentation, also common in Europeans.
- **rs1426654 (SLC24A5)**: Another marker for lighter skin, particularly in Europeans.
- **rs3811040 (EDAR)** and **rs3827760 (EDAR)**: Associated with East Asian populations.
- **rs4988235 (LCT)**: The T allele is linked to lactose tolerance, common in European populations.
- **rs2814778 (DARC)**: The T allele is associated with malaria resistance, often found in African populations.
- **rs671 (ALDH2)**: East Asian particularity due to the G allele being less functional.
- **rs4420638 (APOE)**: Linked with cardiovascular diseases.

### Step 3: Identify Interaction and Compositional Features
Based on our knowledge, we can create interaction features to potentially capture the combined effect of multiple SNPs:

1. **rs12913832 (HERC2) + rs16891982 (SLC45A2)**: To better capture the European ancestry influence in pigmentation.
2. **rs12913832 (HERC2) * rs1426654 (SLC24A5)**: To highlight skin color differences more common in Northern Europeans.
3. **rs671 (ALDH2) + rs3827760 (EDAR)**: To capture East Asian characteristics.
4. **rs2814778 (DARC) * rs4988235 (LCT)**: Combining African malaria resistance marker and European lactose tolerance could help differentiate mixed ancestries.
5. **rs3077 (HLA-DQA1)+ rs7543435 (SLC24A5)**: To capture South Asian nuances combined with markers for skin color.

### Step 4: Develop Higher-Order Conditional Features
Determine higher-order features by looking at interactions between more than two SNPs. For example:
1. **[rs12913832 (HERC2) > 0] AND [rs1426654 (SLC24A5) > 0]**: Identifying lighter pigmentation.
2. **[rs2814778 (DARC) > 0] AND [rs4988235 (LCT) > 0]**: Distinguishing mixed African-European heritage.

### Step 5: Consider Feature Selection and Engineering Techniques
Combining additive and multiplicative features, conditional logic, and understanding allele functions should help us synthesize strong predictive features.

### Step-by-Step Example based on the task:
1. **Maintain Direct SNP Values**:
   - Keep all SNP features as is.

2. **Additive Features for Pigmentation**:
   - interaction_rs12913832_rs16891982 = rs12913832 + rs16891982
   - interaction_rs12913832_rs1426654 = rs12913832 + rs1426654

3. **Multiplicative Features for Combined Ancestry Markers**:
   - interaction_rs671_rs3827760 = rs671 * rs3827760
   - interaction_rs2814778_rs4988235 = rs2814778 * rs4988235
   
4. **Conditional Features**:
   - conditional_pigmentation_1 = (rs12913832 > 0) AND (rs1426654 > 0)
   - conditional_mixed_ancestry = (rs2814778 > 0) AND (rs4988235 > 0)

### Final Thought:
By iteratively adjusting and combining features based on their known effects on ancestry, you can create a model with enriched, dense, and robust features to accurately predict genomic ancestry.